function foo() {
  var c = "string1";
  var d = "string2";
  var e = "string3";
  var f = "string4";
  var g = "string5";
  var h = "string6";
}
console.log(foo());