function hi() {
  console.log("Hello World!");
  console.log("Hello World!");
  console.log("Hello World!");
  console.log("Hello World!");
  console.log("Hello World!");
  return {
    x: 1
  };
}
hi();