function _0x225c6a() {
  console.log("Hello World!");
  console.log("Hello World!");
  console.log("Hello World!");
  console.log("Hello World!");
  console.log("Hello World!");
}
_0x225c6a();